>>> matrix_divided = __import__('2-matrix_divided').matrix_divided
>>> matrix_divided([[1, 2, 3], [4, 5, 6]], 3)
[[0.33, 0.67, 1.0], [1.33, 1.67, 2.0]]
>>> matrix_divided([[1, 2, 3], 'hola'], 3)
Traceback (most recent call last):
...
TypeError: matrix must be a matrix (list of lists) of integers/floats
>>> matrix_divided([[1, 2, 3], (4, 5, 6)], 3)
Traceback (most recent call last):
...
TypeError: matrix must be a matrix (list of lists) of integers/floats
>>> matrix_divided(([1, 2, 3], [4, 5, 6]), 3)
Traceback (most recent call last):
...
TypeError: matrix must be a matrix (list of lists) of integers/floats
>>> matrix_divided([[1, 2.5, 3], [4, 5, 6]], 3)
[[0.33, 0.83, 1.0], [1.33, 1.67, 2.0]]
>>> matrix_divided([[1, 2, 3], [4, 5]], 3)
Traceback (most recent call last):
...
TypeError: Each row of the matrix must have the same size
>>> matrix_divided([[1, 2, 3], [4, 5, 6], [7, 8, 9]], 3)
[[0.33, 0.67, 1.0], [1.33, 1.67, 2.0], [2.33, 2.67, 3.0]]
>>> matrix_divided([[1, 2, 3], [4, 5, 6]], 0)
Traceback (most recent call last):
...
ZeroDivisionError: division by zero
>>> matrix_divided([[[1, 2], 3], [4, 5]], 6)
Traceback (most recent call last):
...
TypeError: matrix must be a matrix (list of lists) of integers/floats
>>> matrix_divided(None, 5)
Traceback (most recent call last):
...
TypeError: matrix must be a matrix (list of lists) of integers/floats
